// Jest Snapshot v1, https://goo.gl/fbAQLP

exports[`render simple Grid Component with 2x2 Blocks 1`] = `
<div
  className="FactoryGrid"
>
  <div
    className="FactoryRow"
  >
    <div
      className="Block"
    >
      <div
        className="MuiPaper-root-2 MuiPaper-elevation1-5 MuiPaper-rounded-3 MuiCard-root-1"
      >
        <div
          className="MuiPaper-root-2 MuiPaper-elevation1-5 MuiPaper-rounded-3 MuiCard-root-1"
        />
      </div>
    </div>
    <div
      className="Block"
    >
      <div
        className="MuiPaper-root-2 MuiPaper-elevation1-5 MuiPaper-rounded-3 MuiCard-root-1"
      >
        <div
          className="MuiPaper-root-2 MuiPaper-elevation1-5 MuiPaper-rounded-3 MuiCard-root-1"
        />
      </div>
    </div>
  </div>
  <div
    className="FactoryRow"
  >
    <div
      className="Block"
    >
      <div
        className="MuiPaper-root-2 MuiPaper-elevation1-5 MuiPaper-rounded-3 MuiCard-root-1"
      >
        <div
          className="MuiPaper-root-2 MuiPaper-elevation1-5 MuiPaper-rounded-3 MuiCard-root-1"
        />
      </div>
    </div>
    <div
      className="Block"
    >
      <div
        className="MuiPaper-root-2 MuiPaper-elevation1-5 MuiPaper-rounded-3 MuiCard-root-1"
      >
        <div
          className="MuiPaper-root-2 MuiPaper-elevation1-5 MuiPaper-rounded-3 MuiCard-root-1"
        />
      </div>
    </div>
  </div>
</div>
`;
