// Jest Snapshot v1, https://goo.gl/fbAQLP

exports[`render simple Game Component 1`] = `
<div
  className="gameMainContainer"
>
  <div
    className="ResourcesBar"
  >
    <div
      className="Currency"
    >
      <font
        className="TitleFont"
      >
        Currency
      </font>
      <font
        className="CountFont"
      >
        $1000
      </font>
    </div>
  </div>
  <div
    className="HorizontalGameParts"
  >
    <div
      className="gamePanel gameLeftPanel"
    >
      <div
        className="mainLeftPanel"
      >
        <div>
          <font
            className="machineTypesHeader"
          >
            Machines
          </font>
          <div
            className="MuiPaper-root-2 MuiPaper-elevation1-5 MuiPaper-rounded-3 MuiCard-root-1 machineTypesMainContainer"
          >
            <div
              className="MuiCardContent-root-29 machineTypesContainer"
            >
              <div
                className="machineTypesElement"
              >
                <div
                  onClick={[Function]}
                >
                  <img
                    alt="myImage"
                    className="machineElement"
                    src={
                      Object {
                        "process": [Function],
                      }
                    }
                  />
                </div>
              </div>
              <div
                className="machineTypesElement"
              >
                <div
                  onClick={[Function]}
                >
                  <img
                    alt="myImage"
                    className="machineElement"
                    src={
                      Object {
                        "process": [Function],
                      }
                    }
                  />
                </div>
              </div>
              <div
                className="machineTypesElement"
              >
                <div
                  onClick={[Function]}
                >
                  <img
                    alt="myImage"
                    className="machineElement"
                    src={
                      Object {
                        "process": [Function],
                      }
                    }
                  />
                </div>
              </div>
              <div
                className="machineTypesElement"
              >
                <div
                  onClick={[Function]}
                >
                  <img
                    alt="myImage"
                    className="machineElement"
                    src={
                      Object {
                        "process": [Function],
                      }
                    }
                  />
                </div>
              </div>
              <div
                className="machineTypesElement"
              >
                <div
                  onClick={[Function]}
                >
                  <img
                    alt="myImage"
                    className="machineElement"
                    src={
                      Object {
                        "process": [Function],
                      }
                    }
                  />
                </div>
              </div>
            </div>
          </div>
        </div>
        <div
          style={
            Object {
              "margin-top": "1rem",
            }
          }
        >
          <font
            className="editionHeader"
          >
            Edition
          </font>
          <div
            className="MuiPaper-root-2 MuiPaper-elevation1-5 MuiPaper-rounded-3 MuiCard-root-1 editionMainContainer"
          >
            <div
              className="MuiCardContent-root-29 editionContainer"
            >
              <div
                className="editionElement"
              >
                <div
                  onClick={[Function]}
                >
                  <img
                    alt="myImage"
                    className="editionOptionElement"
                    src={
                      Object {
                        "process": [Function],
                      }
                    }
                  />
                </div>
              </div>
              <div
                className="editionElement"
              >
                <div
                  onClick={[Function]}
                >
                  <img
                    alt="myImage"
                    className="editionOptionElement"
                    src={
                      Object {
                        "process": [Function],
                      }
                    }
                  />
                </div>
              </div>
              <div
                className="editionElement"
              >
                <div
                  onClick={[Function]}
                >
                  <img
                    alt="myImage"
                    className="editionOptionElement"
                    src={
                      Object {
                        "process": [Function],
                      }
                    }
                  />
                </div>
              </div>
            </div>
          </div>
        </div>
      </div>
    </div>
    <div
      className="gameMidPanel"
    >
      <div
        className="FactoryGrid"
      >
        <div
          className="FactoryRow"
        >
          <div
            className="Block"
            onClick={[Function]}
          >
            <div
              className="MuiPaper-root-2 MuiPaper-elevation1-5 MuiPaper-rounded-3 MuiCard-root-1"
            >
              <div
                className="MuiPaper-root-2 MuiPaper-elevation1-5 MuiPaper-rounded-3 MuiCard-root-1"
              />
            </div>
          </div>
          <div
            className="Block"
            onClick={[Function]}
          >
            <div
              className="MuiPaper-root-2 MuiPaper-elevation1-5 MuiPaper-rounded-3 MuiCard-root-1"
            >
              <div
                className="MuiPaper-root-2 MuiPaper-elevation1-5 MuiPaper-rounded-3 MuiCard-root-1"
              />
            </div>
          </div>
          <div
            className="Block"
            onClick={[Function]}
          >
            <div
              className="MuiPaper-root-2 MuiPaper-elevation1-5 MuiPaper-rounded-3 MuiCard-root-1"
            >
              <div
                className="MuiPaper-root-2 MuiPaper-elevation1-5 MuiPaper-rounded-3 MuiCard-root-1"
              />
            </div>
          </div>
          <div
            className="Block"
            onClick={[Function]}
          >
            <div
              className="MuiPaper-root-2 MuiPaper-elevation1-5 MuiPaper-rounded-3 MuiCard-root-1"
            >
              <div
                className="MuiPaper-root-2 MuiPaper-elevation1-5 MuiPaper-rounded-3 MuiCard-root-1"
              />
            </div>
          </div>
          <div
            className="Block"
            onClick={[Function]}
          >
            <div
              className="MuiPaper-root-2 MuiPaper-elevation1-5 MuiPaper-rounded-3 MuiCard-root-1"
            >
              <div
                className="MuiPaper-root-2 MuiPaper-elevation1-5 MuiPaper-rounded-3 MuiCard-root-1"
              />
            </div>
          </div>
          <div
            className="Block"
            onClick={[Function]}
          >
            <div
              className="MuiPaper-root-2 MuiPaper-elevation1-5 MuiPaper-rounded-3 MuiCard-root-1"
            >
              <div
                className="MuiPaper-root-2 MuiPaper-elevation1-5 MuiPaper-rounded-3 MuiCard-root-1"
              />
            </div>
          </div>
        </div>
        <div
          className="FactoryRow"
        >
          <div
            className="Block"
            onClick={[Function]}
          >
            <div
              className="MuiPaper-root-2 MuiPaper-elevation1-5 MuiPaper-rounded-3 MuiCard-root-1"
            >
              <div
                className="MuiPaper-root-2 MuiPaper-elevation1-5 MuiPaper-rounded-3 MuiCard-root-1"
              />
            </div>
          </div>
          <div
            className="Block"
            onClick={[Function]}
          >
            <div
              className="MuiPaper-root-2 MuiPaper-elevation1-5 MuiPaper-rounded-3 MuiCard-root-1"
            >
              <div
                className="MuiPaper-root-2 MuiPaper-elevation1-5 MuiPaper-rounded-3 MuiCard-root-1"
              />
            </div>
          </div>
          <div
            className="Block"
            onClick={[Function]}
          >
            <div
              className="MuiPaper-root-2 MuiPaper-elevation1-5 MuiPaper-rounded-3 MuiCard-root-1"
            >
              <div
                className="MuiPaper-root-2 MuiPaper-elevation1-5 MuiPaper-rounded-3 MuiCard-root-1"
              />
            </div>
          </div>
          <div
            className="Block"
            onClick={[Function]}
          >
            <div
              className="MuiPaper-root-2 MuiPaper-elevation1-5 MuiPaper-rounded-3 MuiCard-root-1"
            >
              <div
                className="MuiPaper-root-2 MuiPaper-elevation1-5 MuiPaper-rounded-3 MuiCard-root-1"
              />
            </div>
          </div>
          <div
            className="Block"
            onClick={[Function]}
          >
            <div
              className="MuiPaper-root-2 MuiPaper-elevation1-5 MuiPaper-rounded-3 MuiCard-root-1"
            >
              <div
                className="MuiPaper-root-2 MuiPaper-elevation1-5 MuiPaper-rounded-3 MuiCard-root-1"
              />
            </div>
          </div>
          <div
            className="Block"
            onClick={[Function]}
          >
            <div
              className="MuiPaper-root-2 MuiPaper-elevation1-5 MuiPaper-rounded-3 MuiCard-root-1"
            >
              <div
                className="MuiPaper-root-2 MuiPaper-elevation1-5 MuiPaper-rounded-3 MuiCard-root-1"
              />
            </div>
          </div>
        </div>
        <div
          className="FactoryRow"
        >
          <div
            className="Block"
            onClick={[Function]}
          >
            <div
              className="MuiPaper-root-2 MuiPaper-elevation1-5 MuiPaper-rounded-3 MuiCard-root-1"
            >
              <div
                className="MuiPaper-root-2 MuiPaper-elevation1-5 MuiPaper-rounded-3 MuiCard-root-1"
              />
            </div>
          </div>
          <div
            className="Block"
            onClick={[Function]}
          >
            <div
              className="MuiPaper-root-2 MuiPaper-elevation1-5 MuiPaper-rounded-3 MuiCard-root-1"
            >
              <div
                className="MuiPaper-root-2 MuiPaper-elevation1-5 MuiPaper-rounded-3 MuiCard-root-1"
              />
            </div>
          </div>
          <div
            className="Block"
            onClick={[Function]}
          >
            <div
              className="MuiPaper-root-2 MuiPaper-elevation1-5 MuiPaper-rounded-3 MuiCard-root-1"
            >
              <div
                className="MuiPaper-root-2 MuiPaper-elevation1-5 MuiPaper-rounded-3 MuiCard-root-1"
              />
            </div>
          </div>
          <div
            className="Block"
            onClick={[Function]}
          >
            <div
              className="MuiPaper-root-2 MuiPaper-elevation1-5 MuiPaper-rounded-3 MuiCard-root-1"
            >
              <div
                className="MuiPaper-root-2 MuiPaper-elevation1-5 MuiPaper-rounded-3 MuiCard-root-1"
              />
            </div>
          </div>
          <div
            className="Block"
            onClick={[Function]}
          >
            <div
              className="MuiPaper-root-2 MuiPaper-elevation1-5 MuiPaper-rounded-3 MuiCard-root-1"
            >
              <div
                className="MuiPaper-root-2 MuiPaper-elevation1-5 MuiPaper-rounded-3 MuiCard-root-1"
              />
            </div>
          </div>
          <div
            className="Block"
            onClick={[Function]}
          >
            <div
              className="MuiPaper-root-2 MuiPaper-elevation1-5 MuiPaper-rounded-3 MuiCard-root-1"
            >
              <div
                className="MuiPaper-root-2 MuiPaper-elevation1-5 MuiPaper-rounded-3 MuiCard-root-1"
              />
            </div>
          </div>
        </div>
        <div
          className="FactoryRow"
        >
          <div
            className="Block"
            onClick={[Function]}
          >
            <div
              className="MuiPaper-root-2 MuiPaper-elevation1-5 MuiPaper-rounded-3 MuiCard-root-1"
            >
              <div
                className="MuiPaper-root-2 MuiPaper-elevation1-5 MuiPaper-rounded-3 MuiCard-root-1"
              />
            </div>
          </div>
          <div
            className="Block"
            onClick={[Function]}
          >
            <div
              className="MuiPaper-root-2 MuiPaper-elevation1-5 MuiPaper-rounded-3 MuiCard-root-1"
            >
              <div
                className="MuiPaper-root-2 MuiPaper-elevation1-5 MuiPaper-rounded-3 MuiCard-root-1"
              />
            </div>
          </div>
          <div
            className="Block"
            onClick={[Function]}
          >
            <div
              className="MuiPaper-root-2 MuiPaper-elevation1-5 MuiPaper-rounded-3 MuiCard-root-1"
            >
              <div
                className="MuiPaper-root-2 MuiPaper-elevation1-5 MuiPaper-rounded-3 MuiCard-root-1"
              />
            </div>
          </div>
          <div
            className="Block"
            onClick={[Function]}
          >
            <div
              className="MuiPaper-root-2 MuiPaper-elevation1-5 MuiPaper-rounded-3 MuiCard-root-1"
            >
              <div
                className="MuiPaper-root-2 MuiPaper-elevation1-5 MuiPaper-rounded-3 MuiCard-root-1"
              />
            </div>
          </div>
          <div
            className="Block"
            onClick={[Function]}
          >
            <div
              className="MuiPaper-root-2 MuiPaper-elevation1-5 MuiPaper-rounded-3 MuiCard-root-1"
            >
              <div
                className="MuiPaper-root-2 MuiPaper-elevation1-5 MuiPaper-rounded-3 MuiCard-root-1"
              />
            </div>
          </div>
          <div
            className="Block"
            onClick={[Function]}
          >
            <div
              className="MuiPaper-root-2 MuiPaper-elevation1-5 MuiPaper-rounded-3 MuiCard-root-1"
            >
              <div
                className="MuiPaper-root-2 MuiPaper-elevation1-5 MuiPaper-rounded-3 MuiCard-root-1"
              />
            </div>
          </div>
        </div>
        <div
          className="FactoryRow"
        >
          <div
            className="Block"
            onClick={[Function]}
          >
            <div
              className="MuiPaper-root-2 MuiPaper-elevation1-5 MuiPaper-rounded-3 MuiCard-root-1"
            >
              <div
                className="MuiPaper-root-2 MuiPaper-elevation1-5 MuiPaper-rounded-3 MuiCard-root-1"
              />
            </div>
          </div>
          <div
            className="Block"
            onClick={[Function]}
          >
            <div
              className="MuiPaper-root-2 MuiPaper-elevation1-5 MuiPaper-rounded-3 MuiCard-root-1"
            >
              <div
                className="MuiPaper-root-2 MuiPaper-elevation1-5 MuiPaper-rounded-3 MuiCard-root-1"
              />
            </div>
          </div>
          <div
            className="Block"
            onClick={[Function]}
          >
            <div
              className="MuiPaper-root-2 MuiPaper-elevation1-5 MuiPaper-rounded-3 MuiCard-root-1"
            >
              <div
                className="MuiPaper-root-2 MuiPaper-elevation1-5 MuiPaper-rounded-3 MuiCard-root-1"
              />
            </div>
          </div>
          <div
            className="Block"
            onClick={[Function]}
          >
            <div
              className="MuiPaper-root-2 MuiPaper-elevation1-5 MuiPaper-rounded-3 MuiCard-root-1"
            >
              <div
                className="MuiPaper-root-2 MuiPaper-elevation1-5 MuiPaper-rounded-3 MuiCard-root-1"
              />
            </div>
          </div>
          <div
            className="Block"
            onClick={[Function]}
          >
            <div
              className="MuiPaper-root-2 MuiPaper-elevation1-5 MuiPaper-rounded-3 MuiCard-root-1"
            >
              <div
                className="MuiPaper-root-2 MuiPaper-elevation1-5 MuiPaper-rounded-3 MuiCard-root-1"
              />
            </div>
          </div>
          <div
            className="Block"
            onClick={[Function]}
          >
            <div
              className="MuiPaper-root-2 MuiPaper-elevation1-5 MuiPaper-rounded-3 MuiCard-root-1"
            >
              <div
                className="MuiPaper-root-2 MuiPaper-elevation1-5 MuiPaper-rounded-3 MuiCard-root-1"
              />
            </div>
          </div>
        </div>
        <div
          className="FactoryRow"
        >
          <div
            className="Block"
            onClick={[Function]}
          >
            <div
              className="MuiPaper-root-2 MuiPaper-elevation1-5 MuiPaper-rounded-3 MuiCard-root-1"
            >
              <div
                className="MuiPaper-root-2 MuiPaper-elevation1-5 MuiPaper-rounded-3 MuiCard-root-1"
              />
            </div>
          </div>
          <div
            className="Block"
            onClick={[Function]}
          >
            <div
              className="MuiPaper-root-2 MuiPaper-elevation1-5 MuiPaper-rounded-3 MuiCard-root-1"
            >
              <div
                className="MuiPaper-root-2 MuiPaper-elevation1-5 MuiPaper-rounded-3 MuiCard-root-1"
              />
            </div>
          </div>
          <div
            className="Block"
            onClick={[Function]}
          >
            <div
              className="MuiPaper-root-2 MuiPaper-elevation1-5 MuiPaper-rounded-3 MuiCard-root-1"
            >
              <div
                className="MuiPaper-root-2 MuiPaper-elevation1-5 MuiPaper-rounded-3 MuiCard-root-1"
              />
            </div>
          </div>
          <div
            className="Block"
            onClick={[Function]}
          >
            <div
              className="MuiPaper-root-2 MuiPaper-elevation1-5 MuiPaper-rounded-3 MuiCard-root-1"
            >
              <div
                className="MuiPaper-root-2 MuiPaper-elevation1-5 MuiPaper-rounded-3 MuiCard-root-1"
              />
            </div>
          </div>
          <div
            className="Block"
            onClick={[Function]}
          >
            <div
              className="MuiPaper-root-2 MuiPaper-elevation1-5 MuiPaper-rounded-3 MuiCard-root-1"
            >
              <div
                className="MuiPaper-root-2 MuiPaper-elevation1-5 MuiPaper-rounded-3 MuiCard-root-1"
              />
            </div>
          </div>
          <div
            className="Block"
            onClick={[Function]}
          >
            <div
              className="MuiPaper-root-2 MuiPaper-elevation1-5 MuiPaper-rounded-3 MuiCard-root-1"
            >
              <div
                className="MuiPaper-root-2 MuiPaper-elevation1-5 MuiPaper-rounded-3 MuiCard-root-1"
              />
            </div>
          </div>
        </div>
      </div>
    </div>
    <div
      className="gamePanel gameRightPanel"
    >
      <div
        className="detail"
      >
        <h6
          className="MuiTypography-root-30 MuiTypography-h6-47 MuiTypography-gutterBottom-57 title text-content"
        >
          Details
        </h6>
        <div
          className="MuiPaper-root-2 MuiPaper-elevation1-5 MuiPaper-rounded-3 MuiCard-root-1"
        >
          <div
            className="MuiCardContent-root-29"
          >
            <p
              className="MuiTypography-root-30 MuiTypography-body1-39 MuiTypography-gutterBottom-57 text-content"
            >
              No Name
            </p>
            <p
              className="MuiTypography-root-30 MuiTypography-body1-39 MuiTypography-gutterBottom-57 text-content"
            >
              Cost: 
              <span
                className="text-content-number"
              >
                $
                0
              </span>
            </p>
            <p
              className="MuiTypography-root-30 MuiTypography-body1-39 text-content"
            >
              Frequency: 
              <span
                className="text-content-number"
              >
                0
                /s
              </span>
            </p>
          </div>
        </div>
      </div>
    </div>
  </div>
</div>
`;
