// Jest Snapshot v1, https://goo.gl/fbAQLP

exports[`render simple Block component 1`] = `
<div
  className="Block"
  onClick={[Function]}
  style={
    Object {
      "transform": "rotate(0deg)",
    }
  }
>
  <div
    className="MuiPaper-root-2 MuiPaper-elevation1-5 MuiPaper-rounded-3 MuiCard-root-1"
  >
    <div
      className="MuiPaper-root-2 MuiPaper-elevation1-5 MuiPaper-rounded-3 MuiCard-root-1"
    >
      <img
        className="MuiCardMedia-root-29 MuiCardMedia-media-30"
        src={
          Object {
            "process": [Function],
          }
        }
      />
    </div>
  </div>
</div>
`;
