// Jest Snapshot v1, https://goo.gl/fbAQLP

exports[`render simple Block component 1`] = `
<div
  className="Block"
  onClick={[Function]}
  style={
    Object {
      "transform": "rotate(0deg)",
    }
  }
>
  <div
    className="jss2 jss5 jss3 jss1"
  >
    <div
      className="jss2 jss5 jss3 jss1"
    >
      <img
        className="jss29 jss30"
        src={
          Object {
            "process": [Function],
          }
        }
      />
    </div>
  </div>
</div>
`;
